Entering playback thread (ALSA).
Get period size: 2756  buffer size: 22050
Playing generated audio sine wave
Entering capture thread (ALSA).
Get period size: 2756  buffer size: 22050
Recording ...
Playback completed.
Capture canceled.

BAT analysis: signal has 8192 frames at 44100 Hz, 1 channels, 2 bytes per sample.

Channel 1 - Checking for target frequency 997.00 Hz
Amplitude: 502.1; Percentage: [1]
Detected peak at 10.77 Hz of 12.59 dB
 Total 12.6 dB from 10.77 to 10.77 Hz
 FAIL: Peak freq too low 10.77 Hz
Detected peak at 37.68 Hz of 18.47 dB
 Total 20.8 dB from 37.68 to 43.07 Hz
 FAIL: Peak freq too low 37.68 Hz
Detected peak at 59.22 Hz of 12.84 dB
 Total 23.1 dB from 53.83 to 80.75 Hz
 FAIL: Peak freq too low 59.22 Hz
Detected peak at 134.58 Hz of 16.03 dB
 Total 24.3 dB from 134.58 to 145.35 Hz
 FAIL: Peak freq too low 134.58 Hz
Detected peak at 882.86 Hz of 10.12 dB
 Total 24.5 dB from 882.86 to 882.86 Hz
 FAIL: Peak freq too low 882.86 Hz
Detected peak at 995.91 Hz of 21.55 dB
 Total 27.1 dB from 985.14 to 1006.68 Hz
 PASS: Peak detected at target frequency
Detected peak at 1975.67 Hz of 9.91 dB
 Total 27.2 dB from 1975.67 to 1975.67 Hz
 FAIL: Peak freq too high 1975.67 Hz
Detected peak at 2589.37 Hz of 10.42 dB
 Total 27.3 dB from 2589.37 to 2589.37 Hz
 FAIL: Peak freq too high 2589.37 Hz
Detected peak at 2793.93 Hz of 9.89 dB
 Total 27.4 dB from 2793.93 to 2793.93 Hz
 FAIL: Peak freq too high 2793.93 Hz
Detected at least 9 signal(s) in total

Return value is -1003
alsabat -P default -C default -n10000
