Entering playback thread (ALSA).
Get period size: 2756  buffer size: 22050
Playing generated audio sine wave
Entering capture thread (ALSA).
Get period size: 2756  buffer size: 22050
Recording ...
Playback completed.
Capture completed.

BAT analysis: signal has 65536 frames at 44100 Hz, 1 channels, 1 bytes per sample.

Channel 1 - Checking for target frequency 997.00 Hz
Amplitude: 3.3; Percentage: [2]
Detected peak at 25.57 Hz of 12.98 dB
 Total 13.0 dB from 25.57 to 25.57 Hz
 FAIL: Peak freq too low 25.57 Hz
Detected peak at 30.95 Hz of 12.39 dB
 Total 15.7 dB from 30.95 to 30.95 Hz
 FAIL: Peak freq too low 30.95 Hz
Detected peak at 33.65 Hz of 14.30 dB
 Total 20.7 dB from 32.30 to 34.32 Hz
 FAIL: Peak freq too low 33.65 Hz
Detected peak at 37.68 Hz of 19.70 dB
 Total 27.4 dB from 35.66 to 41.05 Hz
 FAIL: Peak freq too low 37.68 Hz
Detected peak at 42.39 Hz of 20.59 dB
 Total 30.2 dB from 42.39 to 47.10 Hz
 FAIL: Peak freq too low 42.39 Hz
Detected peak at 49.12 Hz of 12.42 dB
 Total 30.3 dB from 49.12 to 49.12 Hz
 FAIL: Peak freq too low 49.12 Hz
Detected peak at 52.49 Hz of 16.28 dB
 Total 30.8 dB from 50.47 to 52.49 Hz
 FAIL: Peak freq too low 52.49 Hz
Detected peak at 61.91 Hz of 27.09 dB
 Total 35.8 dB from 53.83 to 65.27 Hz
 FAIL: Peak freq too low 61.91 Hz
Detected peak at 68.64 Hz of 19.76 dB
 Total 36.2 dB from 66.62 to 70.66 Hz
 FAIL: Peak freq too low 68.64 Hz
Detected peak at 72.00 Hz of 19.69 dB
 Total 36.4 dB from 72.00 to 73.35 Hz
 FAIL: Peak freq too low 72.00 Hz
Detected at least 10 signal(s) in total

Return value is -1003
alsabat -P default -C default -f U8
