Entering playback thread (ALSA).
Get period size: 2756  buffer size: 22050
Playing generated audio sine wave
Entering capture thread (ALSA).
Get period size: 2756  buffer size: 22050
Recording ...
Playback completed.
Capture completed.

BAT analysis: signal has 65536 frames at 44100 Hz, 1 channels, 4 bytes per sample.

Channel 1 - Checking for target frequency 997.00 Hz
Amplitude: 13712359.0; Percentage: [0]
WARNING: Signal too weak!
Detected peak at 0.67 Hz of 15.85 dB
 Total 15.9 dB from 0.67 to 0.67 Hz
 WARNING: Found low peak 0.67 Hz, very close to DC
Detected peak at 2.02 Hz of 14.92 dB
 Total 18.4 dB from 2.02 to 2.02 Hz
 WARNING: Found low peak 2.02 Hz, very close to DC
Detected peak at 3.36 Hz of 15.43 dB
 Total 20.2 dB from 3.36 to 3.36 Hz
 WARNING: Found low peak 3.36 Hz, very close to DC
Detected peak at 4.71 Hz of 12.64 dB
 Total 20.9 dB from 4.71 to 4.71 Hz
 WARNING: Found low peak 4.71 Hz, very close to DC
Detected peak at 6.73 Hz of 14.43 dB
 Total 22.9 dB from 6.73 to 8.07 Hz
 WARNING: Found low peak 6.73 Hz, very close to DC
Detected peak at 10.77 Hz of 18.62 dB
 Total 24.6 dB from 10.09 to 10.77 Hz
 FAIL: Peak freq too low 10.77 Hz
Detected peak at 15.48 Hz of 16.67 dB
 Total 26.6 dB from 12.11 to 15.48 Hz
 FAIL: Peak freq too low 15.48 Hz
Detected peak at 16.82 Hz of 12.35 dB
 Total 26.8 dB from 16.82 to 16.82 Hz
 FAIL: Peak freq too low 16.82 Hz
Detected peak at 24.90 Hz of 15.38 dB
 Total 28.5 dB from 18.84 to 24.90 Hz
 FAIL: Peak freq too low 24.90 Hz
Detected peak at 28.26 Hz of 15.32 dB
 Total 29.0 dB from 26.92 to 28.26 Hz
 FAIL: Peak freq too low 28.26 Hz
Detected at least 10 signal(s) in total

Return value is -1003
alsabat -P default -C default -f S32_LE
