Entering playback thread (ALSA).
Get period size: 3000  buffer size: 24000
Playing generated audio sine wave
Entering capture thread (ALSA).
Get period size: 3000  buffer size: 24000
Recording ...
Playback completed.
Capture completed.

BAT analysis: signal has 65536 frames at 48000 Hz, 2 channels, 2 bytes per sample.

Channel 1 - Checking for target frequency 997.00 Hz
Amplitude: 1037.6; Percentage: [3]
Detected peak at 1.46 Hz of 15.20 dB
 Total 17.5 dB from 0.73 to 1.46 Hz
 WARNING: Found low peak 1.46 Hz, very close to DC
Detected peak at 11.72 Hz of 15.45 dB
 Total 19.6 dB from 11.72 to 11.72 Hz
 FAIL: Peak freq too low 11.72 Hz
Detected peak at 38.09 Hz of 24.40 dB
 Total 33.8 dB from 32.96 to 51.27 Hz
 FAIL: Peak freq too low 38.09 Hz
Detected peak at 54.20 Hz of 16.51 dB
 Total 34.1 dB from 52.73 to 54.93 Hz
 FAIL: Peak freq too low 54.20 Hz
Detected peak at 57.13 Hz of 20.40 dB
 Total 34.7 dB from 56.40 to 58.59 Hz
 FAIL: Peak freq too low 57.13 Hz
Detected peak at 61.52 Hz of 27.36 dB
 Total 38.2 dB from 60.06 to 77.64 Hz
 FAIL: Peak freq too low 61.52 Hz
Detected peak at 80.57 Hz of 14.11 dB
 Total 38.3 dB from 79.83 to 82.03 Hz
 FAIL: Peak freq too low 80.57 Hz
Detected peak at 84.96 Hz of 14.31 dB
 Total 38.3 dB from 84.96 to 84.96 Hz
 FAIL: Peak freq too low 84.96 Hz
Detected peak at 599.12 Hz of 14.98 dB
 Total 38.4 dB from 598.39 to 599.85 Hz
 FAIL: Peak freq too low 599.12 Hz
Detected peak at 729.49 Hz of 13.55 dB
 Total 38.4 dB from 729.49 to 729.49 Hz
 FAIL: Peak freq too low 729.49 Hz
Detected at least 10 signal(s) in total

Return value is -1003
alsabat -P default -C default -f dat
