
BAT analysis: signal has 65536 frames at 44100 Hz, 1 channels, 2 bytes per sample.

Channel 1 - Checking for target frequency 16547.00 Hz
Amplitude: 998.7; Percentage: [3]
Detected peak at 10.77 Hz of 16.02 dB
 Total 16.0 dB from 10.77 to 10.77 Hz
 FAIL: Peak freq too low 10.77 Hz
Detected peak at 42.39 Hz of 26.64 dB
 Total 38.9 dB from 37.68 to 75.37 Hz
 FAIL: Peak freq too low 42.39 Hz
Detected peak at 82.77 Hz of 16.40 dB
 Total 38.9 dB from 80.08 to 83.44 Hz
 FAIL: Peak freq too low 82.77 Hz
Detected peak at 84.79 Hz of 14.68 dB
 Total 39.0 dB from 84.79 to 85.46 Hz
 FAIL: Peak freq too low 84.79 Hz
Detected peak at 111.03 Hz of 14.79 dB
 Total 39.0 dB from 110.36 to 111.03 Hz
 FAIL: Peak freq too low 111.03 Hz
Detected peak at 138.62 Hz of 15.12 dB
 Total 39.1 dB from 137.27 to 139.29 Hz
 FAIL: Peak freq too low 138.62 Hz
Detected peak at 141.98 Hz of 13.94 dB
 Total 39.1 dB from 141.31 to 141.98 Hz
 FAIL: Peak freq too low 141.98 Hz
Detected peak at 438.74 Hz of 14.46 dB
 Total 39.1 dB from 438.74 to 438.74 Hz
 FAIL: Peak freq too low 438.74 Hz
Detected peak at 440.76 Hz of 15.75 dB
 Total 39.2 dB from 440.08 to 441.43 Hz
 FAIL: Peak freq too low 440.76 Hz
Detected peak at 555.15 Hz of 13.64 dB
 Total 39.2 dB from 555.15 to 555.15 Hz
 FAIL: Peak freq too low 555.15 Hz
Detected at least 10 signal(s) in total

Return value is -1003
alsabat -P default -C default --local -F 16547 --file /tmp/bat.wav.3Bv5M9
