Entering playback thread (ALSA).
Get period size: 2756  buffer size: 22050
Playing input audio file: default_mono.wav
Entering capture thread (ALSA).
Get period size: 2756  buffer size: 22050
Recording ...
End of playing.
Playback completed.
Capture completed.

BAT analysis: signal has 65536 frames at 44100 Hz, 1 channels, 2 bytes per sample.

Channel 1 - Checking for target frequency 997.00 Hz
Amplitude: 800.7; Percentage: [2]
Detected peak at 11.44 Hz of 14.26 dB
 Total 14.3 dB from 11.44 to 11.44 Hz
 FAIL: Peak freq too low 11.44 Hz
Detected peak at 38.36 Hz of 22.89 dB
 Total 30.6 dB from 37.68 to 46.43 Hz
 FAIL: Peak freq too low 38.36 Hz
Detected peak at 47.78 Hz of 14.99 dB
 Total 31.1 dB from 47.78 to 50.47 Hz
 FAIL: Peak freq too low 47.78 Hz
Detected peak at 53.83 Hz of 22.32 dB
 Total 33.1 dB from 51.81 to 57.20 Hz
 FAIL: Peak freq too low 53.83 Hz
Detected peak at 61.91 Hz of 26.40 dB
 Total 37.3 dB from 58.54 to 74.02 Hz
 FAIL: Peak freq too low 61.91 Hz
Detected peak at 76.04 Hz of 15.31 dB
 Total 37.3 dB from 76.04 to 76.04 Hz
 FAIL: Peak freq too low 76.04 Hz
Detected peak at 78.06 Hz of 14.75 dB
 Total 37.4 dB from 78.06 to 78.06 Hz
 FAIL: Peak freq too low 78.06 Hz
Detected peak at 80.08 Hz of 14.27 dB
 Total 37.4 dB from 80.08 to 80.08 Hz
 FAIL: Peak freq too low 80.08 Hz
Detected peak at 81.42 Hz of 15.04 dB
 Total 37.4 dB from 81.42 to 81.42 Hz
 FAIL: Peak freq too low 81.42 Hz
Detected peak at 83.44 Hz of 18.77 dB
 Total 37.5 dB from 82.77 to 84.79 Hz
 FAIL: Peak freq too low 83.44 Hz
Detected at least 10 signal(s) in total

Return value is -1003
alsabat -P default -C default --file default_mono.wav
