Entering playback thread (ALSA).
Get period size: 2756  buffer size: 22050
Playing input audio file: default_dual.wav
Entering capture thread (ALSA).
Get period size: 2756  buffer size: 22050
Recording ...
End of playing.
Playback completed.
Capture completed.

BAT analysis: signal has 65536 frames at 44100 Hz, 2 channels, 2 bytes per sample.

Channel 1 - Checking for target frequency 997.00 Hz
Amplitude: 1098.5; Percentage: [3]
Detected peak at 33.65 Hz of 15.46 dB
 Total 18.4 dB from 32.97 to 33.65 Hz
 FAIL: Peak freq too low 33.65 Hz
Detected peak at 45.09 Hz of 30.54 dB
 Total 37.1 dB from 34.99 to 51.81 Hz
 FAIL: Peak freq too low 45.09 Hz
Detected peak at 53.83 Hz of 16.28 dB
 Total 37.2 dB from 53.16 to 54.51 Hz
 FAIL: Peak freq too low 53.83 Hz
Detected peak at 61.24 Hz of 18.13 dB
 Total 37.3 dB from 60.56 to 61.91 Hz
 FAIL: Peak freq too low 61.24 Hz
Detected peak at 65.27 Hz of 15.83 dB
 Total 37.4 dB from 63.93 to 65.27 Hz
 FAIL: Peak freq too low 65.27 Hz
Detected peak at 70.66 Hz of 16.45 dB
 Total 37.4 dB from 70.66 to 71.33 Hz
 FAIL: Peak freq too low 70.66 Hz
Detected peak at 878.15 Hz of 15.40 dB
 Total 37.5 dB from 878.15 to 878.15 Hz
 FAIL: Peak freq too low 878.15 Hz
Detected peak at 880.17 Hz of 20.40 dB
 Total 37.7 dB from 879.50 to 880.84 Hz
 FAIL: Peak freq too low 880.17 Hz
Detected peak at 997.26 Hz of 25.96 dB
 Total 38.4 dB from 993.89 to 999.95 Hz
 PASS: Peak detected at target frequency
Detected peak at 1320.93 Hz of 15.54 dB
 Total 38.5 dB from 1320.25 to 1320.93 Hz
 FAIL: Peak freq too high 1320.93 Hz
Detected at least 10 signal(s) in total

Return value is -1003
alsabat -P default -C default --file default_dual.wav
