Entering playback thread (ALSA).
Get period size: 2756  buffer size: 22050
Playing generated audio sine wave
Entering capture thread (ALSA).
Get period size: 2756  buffer size: 22050
Recording ...
Playback completed.
Capture completed.

BAT analysis: signal has 65536 frames at 44100 Hz, 1 channels, 2 bytes per sample.

Channel 1 - Checking for target frequency 997.00 Hz
Amplitude: 1205.6; Percentage: [3]
Detected peak at 38.36 Hz of 23.40 dB
 Total 30.7 dB from 37.68 to 43.07 Hz
 FAIL: Peak freq too low 38.36 Hz
Detected peak at 45.09 Hz of 30.13 dB
 Total 35.5 dB from 44.41 to 47.78 Hz
 FAIL: Peak freq too low 45.09 Hz
Detected peak at 51.81 Hz of 17.67 dB
 Total 35.7 dB from 51.81 to 52.49 Hz
 FAIL: Peak freq too low 51.81 Hz
Detected peak at 55.85 Hz of 20.60 dB
 Total 36.0 dB from 53.83 to 55.85 Hz
 FAIL: Peak freq too low 55.85 Hz
Detected peak at 61.91 Hz of 24.50 dB
 Total 37.6 dB from 57.20 to 67.29 Hz
 FAIL: Peak freq too low 61.91 Hz
Detected peak at 68.64 Hz of 17.72 dB
 Total 37.7 dB from 68.64 to 68.64 Hz
 FAIL: Peak freq too low 68.64 Hz
Detected peak at 70.66 Hz of 19.13 dB
 Total 37.8 dB from 69.98 to 72.00 Hz
 FAIL: Peak freq too low 70.66 Hz
Detected peak at 81.42 Hz of 15.59 dB
 Total 37.9 dB from 81.42 to 81.42 Hz
 FAIL: Peak freq too low 81.42 Hz
Detected peak at 83.44 Hz of 15.75 dB
 Total 37.9 dB from 83.44 to 83.44 Hz
 FAIL: Peak freq too low 83.44 Hz
Detected peak at 84.79 Hz of 16.00 dB
 Total 37.9 dB from 84.79 to 84.79 Hz
 FAIL: Peak freq too low 84.79 Hz
Detected at least 10 signal(s) in total

Return value is -1003
alsabat -P default -C default -r44100
